src/pages/Patients/PatientForm.tsx(6,1): error TS6133: 'useAuth' is declared but its value is never read.
